[nyts.de/ps/index.html]
[backblue.gif]
[fade.gif]
[index.html]
[nyts.de/bower_components/normalize.css/normalize.css]
[nyts.de/bower_components/animate.css/animate.css]
[nyts.de/res/css/style.css]
[nyts.de/ps/callerimg.jpg]
[nyts.de/res/img/turn-phone.png]
[nyts.de/ps/splash.png]
[nyts.de/res/img/ajax-loader.gif]
[nyts.de/res/img/call-decline.png]
[nyts.de/res/img/call-accept.png]
[nyts.de/res/img/facebook.png]
[nyts.de/res/img/twitter.png]
[nyts.de/ps/index.html]
[nyts.de/res/js/scripts.js]
[nyts.de/bower_components/normalize.css/normalize.css]
[nyts.de/bower_components/animate.css/animate.css]
[nyts.de/res/img/F.CUBA.png]
[nyts.de/res/img/F.CZECH.png]
[nyts.de/res/img/F.DK.png]
[nyts.de/res/img/F.DUTCH.png]
[nyts.de/res/img/F.FRENCH.png]
[nyts.de/res/img/F.GERMAN.png]
[nyts.de/res/img/F.GREEK.png]
[nyts.de/res/img/F.HUNGARY.png]
[nyts.de/res/img/F.IRELAND.png]
[nyts.de/res/img/F.ITALY.png]
[nyts.de/res/img/F.MEXICO.png]
[nyts.de/res/img/F.NORWAY.png]
[nyts.de/res/img/F.RUSSIA.png]
[nyts.de/res/img/F.SCOTTISH.png]
[nyts.de/res/img/F.SPAIN.png]
[nyts.de/res/img/F.SWEDEN.png]
[nyts.de/res/img/F.UK.png]
[nyts.de/res/img/F.USA.png]
[nyts.de/res/img/F.VENZUELA.png]
[nyts.de/res/img/f.india.png]
[nyts.de/res/img/F.china.png]
[nyts.de/res/css/style.css]
[nyts.de/bower_components/jquery/dist/jquery.js]
